---
source: ft-core/tests/templates.rs
expression: rendered
---
---
tags: [WeekJournal, 2026, 2026-05-13]
---
# 2026 Week 19

[[Task Overview]] [[2026-05-04|Mon]] [[2026-05-05|Tue]] [[2026-05-06|Wed]] [[2026-05-07|Thu]] [[2026-05-08|Fri]] [[2026-05-09|Sat]] [[2026-05-10|Sun]]

![[Project Overview 2026#Overview]]
![[2026 Q2]]

---
## This Week
