---
source: ft/src/tui/tests.rs
expression: frame
---
  1 Graph  │  2 Tasks  │  3 Notes  │  4 Timeblocks  │  5 Journal                
> node where path = ""; expand where edge.kind in {directory-contains, link, emb
 1: node where path = "…                                                        
┌ node where path = "… ────────────────────────────────────────────────────────┐
│▼   D /                                                                       │
│  ▶   D Areas/                                                                │
│  ▶   D Projects/                                                             │
│      N root                                                                  │
│                                                                              │
│               Rename note                                                    │
│               root                                                           │
│               Enter: commit · Esc: discard                                   │
│                                                                              │
│                                                                              │
│                                                                              │
│                                                                              │
│                                                                              │
│                                                                              │
│                                                                              │
│                                                                              │
│                                                                              │
│                                                                              │
└──────────────────────────────────────────────────────────────────────────────┘
 vault: vault  ·  tab: Graph            Enter:commit  Esc:cancel  modal: rename
