---
source: ft/src/tui/tests.rs
expression: frame
---
  1 Graph  │  2 Tasks  │  3 Notes  │  4 Timeblocks  │  5 Journal                
Move 1 selection(s): navigate to target directory, Enter/m to confirm, t for pic
▼   D /                                                                         
  ▶   D Areas/                                                                  
  ▶   D Projects/                                                               
      N root                                                                    
                                                                                
                                                                                
                                                                                
                                                                                
                                                                                
                                                                                
                                                                                
                                                                                
                                                                                
                                                                                
                                                                                
                                                                                
                                                                                
                                                                                
                                                                                
                                                                                
> node where kind = Directory and path = ""; expand where edge.kind = directory-
 vault: vault  ·  tab: Graph            m:use-selected-as-source    modal: move
