---
source: ft/src/tui/tests.rs
assertion_line: 2580
expression: frame
---
  1 Graph  │  2 Tasks  │  3 Notes  │  4 Timeblocks  │  5 Journal  │  6 Review   
┌ sidebar ─────────────┐┌ query ───────────────────────────────────────────────┐
│                      ││status in {Open, InProgress} and due < 2026-05-18     │
│ Sun 10 May           │└──────────────────────────────────────────────────────┘
│ 14:32:05             │┌ new task ────────────────────────────────────────────┐
│                      ││type a task — e.g. "email Sarah due:tomorrow pri:high │
│ ── views ──          │└──────────────────────────────────────────────────────┘
│ ▶ Search             │  Enter to save · Esc to cancel                         
│                      │┌ tasks ───────────────────────────────────────────────┐
│                      ││                   no matching tasks                  │
│                      ││                                                      │
│                      ││                                                      │
│                      ││                                                      │
│                      ││                                                      │
│                      ││                                                      │
│                      ││                                                      │
│                      ││                                                      │
│                      ││                                                      │
│                      ││                                                      │
│                      ││                                                      │
│                      ││                                                      │
│                      ││                                                      │
└──────────────────────┘└──────────────────────────────────────────────────────┘
 vault: test-vault  ·  tab: Tasks          refreshed [HH:MM:SS]      mode: normal
