---
source: ft/src/tui/tests.rs
expression: frame
---
  1 Graph ┌ help ────────────────────────────────────────────────────┐          
┌ sidebar │Keybindings — Tasks                                       │─────────┐
│         │                                                          │e, priori│
│ Sun 10 M│  Global                                                  │─────────┘
│ 14:32:05│  q / Ctrl+C       quit                                   │─────────┐
│         │  ?                toggle this help                       │         │
│ ── views│  Tab / Shift+Tab  next / previous tab                    │         │
│ ▶ Search│  1 / 2 / 3 / 4    jump to tab N                          │         │
│         │  g s              git sync                               │         │
│         │  Esc              close overlay                          │         │
│         │                                                          │026-05-11│
│         │  Navigation                                              │         │
│         │  ↑ / ↓ · j / k    select prev / next task                │         │
│         │  /                edit query                             │         │
│         │  R                reload vault                           │         │
│         │  Enter            open task in $EDITOR                   │         │
│         │                                                          │         │
│         │  Mutations                                               │         │
│         │  ] / [            due date +1d / -1d                     │         │
│         │  } / {            scheduled +1d / -1d                    │         │
│         │  t                set due to today                       │         │
│         │  p / P            priority cycle fwd / back              │         │
└─────────└──────────────────────────────────────────────────────────┘─────────┘
 vault: test-vault  ·  tab: Tasks          refreshed [HH:MM:SS]        mode: help
