---
source: ft/src/tui/tests.rs
expression: frame
---
  1 Welcome  │  2 Tasks  │  3 Notes                                             
┌ notes ───────────────────────────────────────────────────────────────────────┐
│                                                                              │
│  Notes — Obsidian-flavoured editing                                          │
│               ┌ move · 3/4 target · 1 from project.md ───────┐               │
│  o     open fi│┌ find ──────────────────────────────────────┐│               │
│  m     move se││archive│                                    ││               │
│  c     create │└────────────────────────────────────────────┘│               │
│  C     create │┌ results ───────────────────────────────────┐│               │
│  ?     show th││▶ archive.md                                ││               │
│  Esc   close o││                                            ││               │
│               ││                                            ││               │
│               ││                                            ││               │
│               ││                                            ││               │
│               ││                                            ││               │
│               ││                                            ││               │
│               │└────────────────────────────────────────────┘│               │
│               │   Enter use target   Esc back to selection   │               │
│               │                                              │               │
│               └──────────────────────────────────────────────┘               │
│                                                                              │
│                                                                              │
└──────────────────────────────────────────────────────────────────────────────┘
 vault: test-vault  ·  tab: Notes           not yet refreshed      mode: normal
