---
source: ft/src/tui/tests.rs
expression: frame
---
  1 Graph  │  2 Tasks  │  3 Notes  │  4 Timeblocks  │  5 Journal                
>                                                                               
 1: (empty)                                                                     
┌ (empty) ─────────────────────────────────────────────────────────────────────┐
│                                                                              │
│press / to edit query                                                         │
│                                                                              │
│                                                                              │
│                    ┌ git · pick an action ──────────────┐                    │
│                    │                                    │                    │
│                    │  s     sync (commit + pull + push) │                    │
│                    │  Esc   cancel                      │                    │
│                    │                                    │                    │
│                    │                                    │                    │
│                    │                                    │                    │
│                    └────────────────────────────────────┘                    │
│                                                                              │
│                                                                              │
│                                                                              │
│                                                                              │
│                                                                              │
│                                                                              │
└──────────────────────────────────────────────────────────────────────────────┘
 vault: test-vault  ·  tab: Graph           not yet refreshed         mode: git
