---
source: ft/src/tui/tests.rs
expression: frame
---
  1 Welcome  │  2 Tasks  │  3 Notes                                             
┌ notes ───────────────────────────────────────────────────────────────────────┐
│                                                                              │
│  Notes — Obsidian-flavoured editing                                          │
│                                                                              │
│  o     open file / heading                                                   │
│  m     move section(s) to another file                                       │
│  c     create note (blank)                                                   │
│  C     create note from template                                             │
│  ?     show th┌ create · collision ──────────────────────────┐               │
│  Esc   close o│   target already exists: inbox/existing.md   │               │
│               │                                              │               │
│               │  [O]verwrite     [U]se existing     [C]ancel │               │
│               │                                              │               │
│               └──────────────────────────────────────────────┘               │
│                                                                              │
│                                                                              │
│                                                                              │
│                                                                              │
│                                                                              │
│                                                                              │
│                                                                              │
└──────────────────────────────────────────────────────────────────────────────┘
 vault: test-vault  ·  tab: Notes           not yet refreshed      mode: normal
