---
source: ft/src/tui/tests.rs
assertion_line: 5896
expression: frame
---
  1 Welcome  │  2 Tasks  │  3 Notes  │  4 Timeblocks  │  5 Graph                
▶ D /                                                                           
press / to edit query                                                           
                                                                                
                                                                                
                                                                                
                                                                                
                                                                                
                                                                                
                                                                                
                                                                                
                                                                                
                                                                                
                                                                                
                                                                                
                                                                                
                                                                                
                                                                                
                                                                                
                                                                                
                                                                                
                                                                                
> node where kind = Directory and path = ""; expand where from.kind = Directory 
 vault: test-vault  ·  tab: Graph           not yet refreshed      mode: normal
