---
source: ft/src/tui/tests.rs
expression: frame
---
  1 Graph ┌ help ────────────────────────────────────────────────────┐          
 1: (empty│Keybindings — Graph                                       │          
          │                                                          │          
press / to│  Global                                                  │          
          │  q / Ctrl+C              quit                            │          
          │  ?                       toggle this help                │          
          │  Tab / Shift+Tab         next / previous tab             │          
          │  1 / 2 / 3 / 4           jump to tab N                   │          
          │  g s                     git sync                        │          
          │  Esc                     close overlay                   │          
          │                                                          │          
          │  Navigation                                              │          
          │  ↑ / ↓ · j / k           select prev / next row          │          
          │  Enter / l               expand / collapse node          │          
          │  h                       collapse · jump to parent       │          
          │  g / G                   first / last row                │          
          │  Ctrl+D / Ctrl+U         half-page down / up             │          
          │  r                       refresh graph from disk         │          
          │                                                          │          
          │  Query                                                   │          
          │  /                       edit query (this view)          │          
          │  Enter                   apply query                     │          
>         └──────────────────────────────────────────────────────────┘          
 vault: test-vault  ·  tab: Graph           not yet refreshed        mode: help
