---
source: ft/src/tui/tests.rs
assertion_line: 3559
expression: frame
---
  1 Welcome  │  2 Tasks  │  3 Notes  │  4 Timeblocks                            
┌ notes ───────────────────────────────────────────────────────────────────────┐
│                                                                              │
│  Notes — Obsidian-flavoured editing                                          │
│               ┌ create · 1/2 folder · blank ─────────────────┐               │
│  o     open fi│┌ find ──────────────────────────────────────┐│               │
│  m     move se││type to search…                             ││               │
│  c     create │└────────────────────────────────────────────┘│               │
│  C     create │┌ recent · type to search ───────────────────┐│               │
│  t     open to││▶ .                                         ││               │
│  p     periodi││  inbox                                     ││               │
│  ?     show th││  proj                                      ││               │
│  Esc   close o││                                            ││               │
│               ││                                            ││               │
│               ││                                            ││               │
│               ││                                            ││               │
│               │└────────────────────────────────────────────┘│               │
│               │                                              │               │
│               │         Enter use folder   Esc back          │               │
│               └──────────────────────────────────────────────┘               │
│                                                                              │
│                                                                              │
└──────────────────────────────────────────────────────────────────────────────┘
 vault: test-vault  ·  tab: Notes           not yet refreshed      mode: normal
