---
source: ft/src/tui/tests.rs
assertion_line: 2928
expression: frame
---
  1 Welcome  │  2 Tasks  │  3 Notes  │  4 Timeblocks  │  5 Graph                
┌ notes ───────────────────────────────────────────────────────────────────────┐
│                                                                              │
│  Notes — Obsidian-flavoured editing                                          │
│                                                                              │
│  o     open file /┌ notes · help ────────────────────────┐                   │
│  m     move sectio│                                      │                   │
│  c     create note│  Notes keybindings                   │                   │
│  C     create note│                                      │                   │
│  t     open today'│  o       open file / heading         │                   │
│  p     periodic no│  m       move section(s) to another f│                   │
│  ?     show this h│  c       create note (blank)         │                   │
│  Esc   close overl│  C       create note from template   │                   │
│                   │  t       open today's daily note     │                   │
│                   │  p       periodic note · d/w/m/q/y   │                   │
│                   │  ?       show this help              │                   │
│                   │  Esc     close overlay               │                   │
│                   │                                      │                   │
│                   └──────────────────────────────────────┘                   │
│                                                                              │
│                                                                              │
│                                                                              │
└──────────────────────────────────────────────────────────────────────────────┘
 vault: test-vault  ·  tab: Notes           not yet refreshed      mode: normal
