---
source: ft/src/tui/tests.rs
expression: frame
---
  1 Graph  │  2 Tasks  │  3 Notes  │  4 Timeblocks                              
 1: node where kind = D…                                                        
▼   D /                                                                         
  ▶   D Areas/                                                                  
  ▶   D Projects/                                                               
    ● N root                                                                    
                                                                                
                                                                                
                                                                                
                                                                                
                                                                                
                                                                                
                                                                                
                                                                                
                                                                                
                                                                                
                                                                                
                                                                                
                                                                                
                                                                                
                                                                                
                                                                                
> node where kind = Directory and path = ""; expand where edge.kind = directory-
 vault: vault  ·  tab: Graph               refreshed [HH:MM:SS]      mode: normal
