---
source: ft/src/tui/tests.rs
assertion_line: 2608
expression: frame
---
  1 Graph  │  2 Tasks  │  3 Notes  │  4 Timeblocks  │  5 Journal  │  6 Review   
┌ sidebar ─────────────┐┌ query ───────────────────────────────────────────────┐
│                      ││status in {Open, InProgress} and due < 2026-05-18     │
│ Sun 10 May           │└──────────────────────────────────────────────────────┘
│ 14:32:05             │┌ new task ────────────────────────────────────────────┐
│                      ││draft due:not-a-date│                                 │
│ ── views ──          │└──────────────────────────────────────────────────────┘
│ ▶ Search             │  ⚠ due: could not parse `not-a-date` as a date (try YYY
│                      │┌ tasks ───────────────────────────────────────────────┐
│                      ││                   no matching tasks                  │
│                      ││                                                      │
│                      ││                                                      │
│                      ││                                                      │
│                      ││                                                      │
│                      ││                                                      │
│                      ││                                                      │
│                      ││                                                      │
│                      ││                                                      │
│                      ││                                                      │
│                      ││                                                      │
│                      ││                                                      │
│                      ││                                                      │
└──────────────────────┘└──────────────────────────────────────────────────────┘
 vault: test-vault  ·  tab: Tasks          refreshed [HH:MM:SS]      mode: normal
