---
source: ft/src/tui/tests.rs
expression: frame
---
  1 Graph  │  2 Tasks  │  3 Notes  │  4 Timeblocks  │  5 Journal                
┌ sidebar ─────────────┐┌ query ───────────────────────────────────────────────┐
│                      ││not done and due before 2026-05-18 sort by due, priori│
│ Sun 10 May           │└──────────────────────────────────────────────────────┘
│ 14:32:05             │┌ tasks ───────────────────────────────────────────────┐
│                      ││ ── ove┌ edit task ───────────────────────────┐       │
│ ── views ──          ││▶   !! │                                      │       │
│ ▶ Search             ││    !  │  description : Pay rent              │       │
│                      ││ ── upc│          due : not-a-date│           │       │
│                      ││       │    scheduled :                       │       │
│                      ││    !! │     priority : high                  │6-05-11│
│                      ││    v  │         tags :                       │       │
│                      ││       │   recurrence :                       │       │
│                      ││       │                                      │       │
│                      ││       │  ⚠ due: could not parse `not-a-date` │       │
│                      ││       │                                      │       │
│                      ││       │                                      │       │
│                      ││       │                                      │       │
│                      ││       └──────────────────────────────────────┘       │
│                      ││                                                      │
│                      ││                                                      │
│                      ││                                                      │
└──────────────────────┘└──────────────────────────────────────────────────────┘
 vault: test-vault  ·  tab: Tasks          refreshed [HH:MM:SS]      mode: normal
