---
source: ft/src/tui/tests.rs
assertion_line: 3069
expression: frame
---
  1 Welcome  │  2 Tasks  │  3 Notes  │  4 Timeblocks  │  5 Graph                
┌ notes ───────────────────────────────────────────────────────────────────────┐
│                                                                              │
│  Notes — Obsidian-flavoured editing                                          │
│               ┌ move · 1/4 source ───────────────────────────┐               │
│  o     open fi│┌ find ──────────────────────────────────────┐│               │
│  m     move se││project│                                    ││               │
│  c     create │└────────────────────────────────────────────┘│               │
│  C     create │┌ results ───────────────────────────────────┐│               │
│  t     open to││▶ project.md                                ││               │
│  p     periodi││                                            ││               │
│  ?     show th││                                            ││               │
│  Esc   close o││                                            ││               │
│               ││                                            ││               │
│               ││                                            ││               │
│               ││                                            ││               │
│               │└────────────────────────────────────────────┘│               │
│               │      Enter use source   Esc cancel move      │               │
│               │                                              │               │
│               └──────────────────────────────────────────────┘               │
│                                                                              │
│                                                                              │
└──────────────────────────────────────────────────────────────────────────────┘
 vault: test-vault  ·  tab: Notes           not yet refreshed      mode: normal
