---
source: ft/src/tui/tests.rs
expression: frame
---
  1 Graph ┌ help ────────────────────────────────────────────────────┐          
┌ notes ──│Keybindings — Notes                                       │─────────┐
│         │                                                          │         │
│  Notes —│  Global                                                  │         │
│         │  q / Ctrl+C         quit                                 │         │
│  o     o│  ?                  toggle this help                     │         │
│  m     m│  Tab / Shift+Tab    next / previous tab                  │         │
│  c     c│  1 / 2 / 3 / 4      jump to tab N                        │         │
│  C     c│  g s                git sync                             │         │
│  t     o│  Esc                close overlay                        │         │
│  p     p│                                                          │         │
│  ?     s│  Notes                                                   │         │
│  Esc   c│  o                  open file / heading picker           │         │
│         │  m                  move section(s) to another file      │         │
│         │  c                  create note (blank)                  │         │
│         │  Shift+C            create note from template            │         │
│         │                                                          │         │
│         │  Periodic notes                                          │         │
│         │  t                  open today's daily note              │         │
│         │  p                  leader → d/w/m/q/y for daily…yearly  │         │
│         │                                                          │         │
│         │  In any picker / form                                    │         │
└─────────└──────────────────────────────────────────────────────────┘─────────┘
 vault: test-vault  ·  tab: Notes           not yet refreshed        mode: help
