---
source: ft/src/tui/tests.rs
expression: frame
---
  1 Graph ┌ help ────────────────────────────────────────────────────┐          
┌ sidebar │Keybindings — Timeblocks                                  │tomorrow)┐
│         │                                                          │         │
│ Sun 10 M│  Global                                                  │et.      │
│ 14:32:05│  q / Ctrl+C         quit                                 │eate from│
│         │  ?                  toggle this help                     │         │
│ ── total│  Tab / Shift+Tab    next / previous tab                  │         │
│ total 00│  1 / 2 / 3 / 4      jump to tab N                        │         │
│         │  g s                git sync                             │         │
│ ── focus│  Esc                close overlay                        │         │
│ ▶ 2026-0│                                                          │         │
│ view: sp│  Navigation                                              │         │
│         │  ↑ / ↓ · j / k      select prev / next block             │         │
│         │  g / G              first / last block                   │         │
│         │  h / l · ← / →      toggle pane (Split) / switch day (Sin│         │
│         │  f                  toggle Split / Single view           │         │
│         │  Shift+H / Shift+L  slide anchor day back / forward      │         │
│         │  Shift+T            jump anchor to today                 │         │
│         │  r                  refresh from disk                    │         │
│         │                                                          │         │
│         │  Edit times                                              │         │
│         │  ] / [              end +5m / -5m                        │         │
└─────────└──────────────────────────────────────────────────────────┘─────────┘
 vault: test-vault  ·  tab: Timeblocks      not yet refreshed        mode: help
