---
source: ft/src/tui/tests.rs
assertion_line: 6118
expression: frame
---
  1 Graph  │  2 Tasks  │  3 Notes  │  4 Timeblocks  │  5 Journal                
 1: node where kind = D…   2: (empty)                                           
                                                                                
                                                                                
                                                                                
                                                                                
                                                                                
                                                                                
                                                                                
                                                                                
                                                                                
                                                                                
                                                                                
                                                                                
                                                                                
                                                                                
                                                                                
                                                                                
                                                                                
                                                                                
                                                                                
                                                                                
>                                                                               
 vault: vault  ·  tab: Graph               refreshed [HH:MM:SS]   modal: query-bar
