---
source: ft/src/tui/tests.rs
expression: frame
---
  1 Graph ┌ help ────────────────────────────────────────────────────┐          
┌ notes ──│Keybindings — Notes                                       │─────────┐
│         │                                                          │         │
│  Notes —│  Global                                                  │         │
│         │  q / Ctrl+c  Quit the TUI                                │         │
│  o     o│  ?           Open the keymap help overlay                │         │
│  m     m│  g           Enter the git-sync leader (then `s` to sync)│         │
│  c     c│  Tab         Switch to the next tab                      │         │
│  C     c│  BackTab     Switch to the previous tab                  │         │
│  t     o│  1..9        Switch to the tab at the given 0-based index│         │
│  p     p│                                                          │         │
│  ?     s│  Notes                                                   │         │
│  Esc   c│  o           Open the fuzzy file / heading picker to open│         │
│         │  m           Enter the move-section flow                 │         │
│         │  c           Create a new note (blank)                   │         │
│         │  a           Append a template to a note                 │         │
│         │  Shift+q     Quick capture (run a preset)                │         │
│         │  Shift+c     Create a new note from a template           │         │
│         │                                                          │         │
│         │  Periodic notes                                          │         │
│         │  t           Open today's daily note                     │         │
│         │  p           Enter the periodic-note leader (then d/w/m/q│         │
└─────────└──────────────────────────────────────────────────────────┘─────────┘
 vault: test-vault  ·  tab: Notes           not yet refreshed        mode: help
