---
source: ft/src/tui/tests.rs
assertion_line: 5692
expression: frame
---
  1 Graph  │  2 Tasks  │  3 Notes  │  4 Timeblocks                              
                                                                                
press / to edit query                                                           
                                                                                
                                                                                
                                                                                
                                                                                
                                                                                
                                                                                
                                                                                
                                                                                
                                                                                
                                                                                
                                                                                
                                                                                
                                                                                
                                                                                
                                                                                
                                                                                
                                                                                
                                                                                
                                                                                
>                                                                               
 vault: test-vault  ·  tab: Graph           not yet refreshed   ⟳ sync · normal
