---
source: ft/src/tui/tests.rs
assertion_line: 3327
expression: frame
---
  1 Welcome  │  2 Tasks  │  3 Notes  │  4 Timeblocks  │  5 Graph                
┌ notes ───────────────────────────────────────────────────────────────────────┐
│                                                                              │
│  Notes — O┌ move · 4/4 compose · 1 pending → archive.md ─────────┐           │
│           │  · H1  Archive                                       │           │
│  o     ope│  ·   H2  Old                                         │           │
│  m     mov│▶ + H1  Project                                       │           │
│  c     cre│                                                      │           │
│  C     cre│                                                      │           │
│  t     ope│                                                      │           │
│  p     per│                                                      │           │
│  ?     sho│                                                      │           │
│  Esc   clo│                                                      │           │
│           │                                                      │           │
│           │                                                      │           │
│           │                                                      │           │
│           │                                                      │           │
│           │                                                      │           │
│           │                                                      │           │
│           │ ↑/↓ focus   Shift+↑/↓ reorder   ←/→ level   r rename │           │
│           └──────────────────────────────────────────────────────┘           │
│                                                                              │
└──────────────────────────────────────────────────────────────────────────────┘
 vault: test-vault  ·  tab: Notes           not yet refreshed      mode: normal
