---
source: ft/src/tui/tests.rs
assertion_line: 4058
expression: frame
---
  1 Welcome  │  2 Tasks  │  3 Notes  │  4 Timeblocks                            
┌ notes ───────────────────────────────────────────────────────────────────────┐
│                                                                              │
│  Notes — Obsidian-flavoured editing                                          │
│                                                                              │
│  o     open file / heading                                                   │
│  m     move section(s) to another file                                       │
│  c     create note (blank)                                                   │
│  C     create note from template                                             │
│  t     open to┌ move · new target · filename · proj.md → proj┐               │
│  p     periodi│▏ filename: Q3-█                              │               │
│  ?     show th│                                              │               │
│  Esc   close o│ Enter next   Esc back to folder   Ctrl+W dele│               │
│               │                                              │               │
│               └──────────────────────────────────────────────┘               │
│                                                                              │
│                                                                              │
│                                                                              │
│                                                                              │
│                                                                              │
│                                                                              │
│                                                                              │
└──────────────────────────────────────────────────────────────────────────────┘
 vault: test-vault  ·  tab: Notes           not yet refreshed      mode: normal
