---
source: ft/src/tui/tests.rs
expression: frame
---
  1 Welcome  │  2 Tasks  │  3 Notes                                             
┌ notes ───────────────────────────────────────────────────────────────────────┐
│                                                                              │
│  Notes — Obsidian-flavoured editing                                          │
│               ┌ open · pick file / heading ──────────────────┐               │
│  o     open fi│┌ find ──────────────────────────────────────┐│               │
│  m     move se││type to search…                             ││               │
│  c     create │└────────────────────────────────────────────┘│               │
│  C     create │┌ recent · type to search ───────────────────┐│               │
│  ?     show th││▶ project.md                                ││               │
│  Esc   close o││  notes/daily.md                            ││               │
│               ││  inbox.md                                  ││               │
│               ││                                            ││               │
│               ││                                            ││               │
│               ││                                            ││               │
│               ││                                            ││               │
│               │└────────────────────────────────────────────┘│               │
│               │ Enter open in $EDITOR   Ctrl+O open in Obsidi│               │
│               │                                              │               │
│               └──────────────────────────────────────────────┘               │
│                                                                              │
│                                                                              │
└──────────────────────────────────────────────────────────────────────────────┘
 vault: test-vault  ·  tab: Notes           not yet refreshed      mode: normal
