---
source: ft/src/tui/tests.rs
expression: frame
---
  1 Graph  │  2 Tasks  │  3 Notes  │  4 Timeblocks  │  5 Journal                
 1: node where kind = D…   2: (empty)                                           
                                                                                
press / to edit query                                                           
                                                                                
                ┌ find ────────────────────────────────────────┐                
                │type to search…                               │                
                └──────────────────────────────────────────────┘                
                ┌ recent · type to search ─────────────────────┐                
                │▶ crosslinks                                  │                
                │  dangling                                    │                
                │  links                                       │                
                │  orphans                                     │                
                │  tasks-in-tree                               │                
                │  tree                                        │                
                │                                              │                
                │                                              │                
                │                                              │                
                └──────────────────────────────────────────────┘                
                                                                                
                                                                                
                                                                                
>                                                                               
 vault: vault  ·  tab: Graph               refreshed [HH:MM:SS]      mode: normal
