---
source: ft/src/tui/tests.rs
assertion_line: 8135
expression: frame
---
  1 Graph  │  2 Tasks  │  3 Notes  │  4 Timeblocks  │  5 Journal  │  6 Review   
┌ notes ───────────────────────────────────────────────────────────────────────┐
│                                                                              │
│  Notes — Obsidian-flavoured editing                                          │
│                                                                              │
│  o     open file / heading                                                   │
│  m     move section(s) to another file                                       │
│  c     create note (blank)                                                   │
│  C     create ┌ capture · create · var · 2026-05-10-meeting.m┐               │
│  t     open to│                                              │               │
│  p     periodi│▏ topic = █                                   │               │
│  ?     show th│                                              │               │
│  Esc   close o│                                              │               │
│               │ Enter confirm   Ctrl+W delete word   Esc canc│               │
│               │                                              │               │
│               └──────────────────────────────────────────────┘               │
│                                                                              │
│                                                                              │
│                                                                              │
│                                                                              │
│                                                                              │
│                                                                              │
└──────────────────────────────────────────────────────────────────────────────┘
 vault: test-vault  ·  tab: Notes           not yet refreshed      mode: normal
