---
source: ft/src/tui/tests.rs
expression: frame
---
  1 Graph  │  2 Tasks  │  3 Notes  │  4 Timeblocks  │  5 Journal                
Move 1 selection(s): navigate to target directory, Enter/m to confirm, t for pic
 1: node where kind = D…                                                        
┌ node where kind = D… ────────────────────────────────────────────────────────┐
│▼   D /                                                                       │
│  ▶   D Areas/                                                                │
│  ▶   D Projects/                                                             │
│      N root                                                                  │
│                                                                              │
│                                                                              │
│                                                                              │
│                                                                              │
│                                                                              │
│                                                                              │
│                                                                              │
│                                                                              │
│                                                                              │
│                                                                              │
│                                                                              │
│                                                                              │
│                                                                              │
│                                                                              │
└──────────────────────────────────────────────────────────────────────────────┘
 vault: vault  ·  tab: Graph            m:use-selected-as-source    modal: move
