---
source: ft/src/tui/tests.rs
assertion_line: 4269
expression: frame
---
  1 Welcome  │  2 Tasks  │  3 Notes  │  4 Timeblocks  │  5 Graph                
┌ notes ───────────────────────────────────────────────────────────────────────┐
│                                                                              │
│  Notes — Obsidian-flavoured editing                                          │
│                                                                              │
│  o     open file / heading                                                   │
│  m     move section(s) to another file                                       │
│  c     create note (blank)                                                   │
│  C     create ┌ create · 4/4 vars · ./lunch.md · 1/1 ────────┐               │
│  t     open to│▏ name = Sandw█                               │               │
│  p     periodi│                                              │               │
│  ?     show th│                                              │               │
│  Esc   close o│                                              │               │
│               │                                              │               │
│               │        Enter next   Esc cancel create        │               │
│               └──────────────────────────────────────────────┘               │
│                                                                              │
│                                                                              │
│                                                                              │
│                                                                              │
│                                                                              │
│                                                                              │
└──────────────────────────────────────────────────────────────────────────────┘
 vault: test-vault  ·  tab: Notes           not yet refreshed      mode: normal
