---
source: ft/src/tui/tests/tasks.rs
assertion_line: 552
expression: frame
---
  1 Graph  │  2 Notes  │  3 Pulse  │  4 Recent  │  5 Gather  │  6 Tasks  │  7 Ti
┌ query ───────────────────────────────────────────────────────────────────────┐
│status in {Open, InProgress} and due < 2026-05-18                             │
└──────────────────────────────────────────────────────────────────────────────┘
┌ tasks ───────────────────────────────────────────────────────────────────────┐
│ ── overdu┌ edit task ─────────────────────────────────────────────┐          │
│▶   !!  Pa│                                                        │          │
│    !   Re│  description : Pay rent                                │          │
│ ── upcomi│          due : not-a-date│                             │          │
│        Re│    scheduled :                                         │          │
│    !!  Su│     priority : high                                    │  tomorrow│
│    v   Bu│         tags :                                         │          │
│          │   recurrence :                                         │          │
│          │                                                        │          │
│          │  ⚠ due: could not parse `not-a-date` as a date (try YYY│          │
│          │                                                        │          │
│          │                                                        │          │
│          │                                                        │          │
│          └────────────────────────────────────────────────────────┘          │
│                                                                              │
│                                                                              │
│                                                                              │
└──────────────────────────────────────────────────────────────────────────────┘
 vault: test-vault  ·  tab: Tasks          refreshed [HH:MM:SS]      mode: normal
