---
source: ft/src/tui/tests/synthesis.rs
assertion_line: 1629
expression: frame
---
  1 Graph  │  2 Tasks  │  3 Notes  │  4 Timeblocks  │  5 Journal  │  6 Review   
┌ Journal — Target.md (2 entries) ─────────────────────────────────────────────┐
│Sources (1)                                                                   │
│Target.md                                                                     │
│  2025-01-02  DailyA                                                          │
│    ↳ cited: Synth                                                            │
│Alpha mentions [[Target]].                                                    │
│                                                                              │
│  2025-01-02  DailyB                                                          │
│Beta mentions [[Target]].                                                     │
│                                                                              │
│                                                                              │
│                                                                              │
│                                                                              │
│                                                                              │
│                                                                              │
│                                                                              │
│                                                                              │
│                                                                              │
│                                                                              │
│                                                                              │
│                                                                              │
└──────────────────────────────────────────────────────────────────────────────┘
 vault: vault  ·  tab: Journal              not yet refreshed      mode: normal
