---
source: ft/src/tui/tests/synthesis.rs
assertion_line: 1691
expression: frame
---
  1 Graph  │  2 Notes  │  3 Pulse  │  4 Recent  │  5 Gather  │  6 Tasks  │  7 Ti
┌ Gather — Target.md (2 entries) ──────────────────────────────────────────────┐
│Sources (1) [context: Synth]                                                  │
│Target.md                                                                     │
│  2025-01-02  DailyA                                                          │
│    ↳ in note                                                                 │
│Alpha mentions [[Target]].                                                    │
│                                                                              │
│  2025-01-02  DailyB                                                          │
│    ↳ missing                                                                 │
│Beta mentions [[Target]].                                                     │
│                                                                              │
│                                                                              │
│                                                                              │
│                                                                              │
│                                                                              │
│                                                                              │
│                                                                              │
│                                                                              │
│                                                                              │
│                                                                              │
│                                                                              │
└──────────────────────────────────────────────────────────────────────────────┘
 vault: vault  ·  tab: Gather               not yet refreshed      mode: normal
