---
source: ft/src/tui/tests.rs
assertion_line: 5904
expression: frame
---
  1 Graph  │  2 Tasks  │  3 Notes  │  4 Timeblocks  │  5 Journal  │  6 Review   
┌ notes ───────────────────────────────────────────────────────────────────────┐
│                                                                              │
│  Notes — Obsidian-flavoured editing                                          │
│                                                                              │
│  o     open file / heading                                                   │
│  m     move section(s) to another file                                       │
│  r     reslice synth section                                                 │
│  c     create note ┌ git · pick an action ──────────────┐                    │
│  C     create note │                                    │                    │
│  t     open today's│  s     sync (commit + pull + push) │                    │
│  p     periodic not│  c     commit (local only, no pull/│                    │
│  ?     show this he│  Esc   cancel                      │                    │
│  Esc   close overla│                                    │                    │
│                    │                                    │                    │
│                    └────────────────────────────────────┘                    │
│                                                                              │
│                                                                              │
│                                                                              │
│                                                                              │
│                                                                              │
│                                                                              │
└──────────────────────────────────────────────────────────────────────────────┘
 vault: test-vault  ·  tab: Notes           not yet refreshed         mode: git
