---
source: ft/src/tui/tests.rs
assertion_line: 6135
expression: frame
---
  1 Graph  │  2 Tasks  │  3 Notes  │  4 Timeblocks  │  5 Journal  │  6 Review   
>                                                                               
 1: node where path = "…   2: (empty)                                           
┌ (empty) ─────────────────────────────────────────────────────────────────────┐
│                                                                              │
│press / to edit┌ find ────────────────────────────────────────┐               │
│               │type to search…                               │               │
│               └──────────────────────────────────────────────┘               │
│               ┌ recent · type to search ─────────────────────┐               │
│               │▶ fs                                          │               │
│               │  ghosts                                      │               │
│               │  links                                       │               │
│               │  tasks-in-fs                                 │               │
│               │  tree                                        │               │
│               │                                              │               │
│               │                                              │               │
│               │                                              │               │
│               │                                              │               │
│               └──────────────────────────────────────────────┘               │
│                                                                              │
│                                                                              │
│                                                                              │
└──────────────────────────────────────────────────────────────────────────────┘
 vault: vault  ·  tab: Graph            Enter:confirm  Esc:cancemodal: preset-pi
