---
source: ft/src/tui/tests/graph.rs
assertion_line: 50
expression: frame
---
  1 Graph  │  2 Notes  │  3 Pulse  │  4 Recent  │  5 Gather  │  6 Tasks  │  7 Ti
> node where path = ""; expand where edge.kind in {directory-contains, note-link
 1: node where path = "…                                                        
┌ node where path = "… ────────────────────────────────────────────────────────┐
│    D /                                                                       │
│press / to edit query                                                         │
│                                                                              │
│                                                                              │
│                                                                              │
│                                                                              │
│                                                                              │
│                                                                              │
│                                                                              │
│                                                                              │
│                                                                              │
│                                                                              │
│                                                                              │
│                                                                              │
│                                                                              │
│                                                                              │
│                                                                              │
│                                                                              │
└──────────────────────────────────────────────────────────────────────────────┘
 vault: test-vault  ·  tab: Graph           not yet refreshed      mode: normal
