---
source: ft/src/tui/tests/graph.rs
assertion_line: 2336
expression: frame
---
  1 Graph  │  2 Notes  │  3 Pulse  │  4 Recent  │  5 Gather  │  6 Tasks  │  7 Ti
> node where kind in {Ghost};                                                   
 1: node where kind in …                                                        
┌ node where kind in … ────────────────────────────────────────────────────────┐
│    G busy (3)                                                                │
│    G quiet (1)                                                               │
│                                                                              │
│                                                                              │
│                                                                              │
│                                                                              │
│                                                                              │
│                                                                              │
│                                                                              │
│                                                                              │
│                                                                              │
│                                                                              │
│                                                                              │
│                                                                              │
│                                                                              │
│                                                                              │
│                                                                              │
│                                                                              │
└──────────────────────────────────────────────────────────────────────────────┘
 vault: vault  ·  tab: Graph                not yet refreshed      mode: normal
