---
source: ft/src/tui/tests.rs
expression: frame
---
  1 Graph  │  2 Tasks  │  3 Notes  │  4 Timeblocks  │  5 Journal  │  6 Review   
> e where path = ""; expand where edge.kind in {directory-contains, note-link}; 
 1: node where path = "…                                                        
┌ node where path = "… ────────────────────────────────────────────────────────┐
│▶   D /                                                                       │
│                                                                              │
│                                                                              │
│                                                                              │
│                                                                              │
│                                                                              │
│                                                                              │
│                                                                              │
│                                                                              │
│                                                                              │
│                                                                              │
│                                                                              │
│                                                                              │
│                                                                              │
│                                                                              │
│                                                                              │
│                                                                              │
│                                                                              │
└──────────────────────────────────────────────────────────────────────────────┘
 vault: vault  ·  tab: Graph               refreshed [HH:MM:SS]   modal: query-bar
