---
source: ft/src/tui/tests/tasks.rs
expression: frame
---
  1 Graph  │  2 Notes  │  3 Pulse  │  4 Recent  │  5 Gather  │  6 Tasks  │  7 Ti
┌ query ───────────────────────────────────────────────────────────────────────┐
│(status in {Open, InProgress} and due < +1w) or (completed = today)           │
└──────────────────────────────────────────────────────────────────────────────┘
┌ tasks ───────────────────────────────────────────────────────────────────────┐
│          ┌ new task ──────────────────────────────────────────────┐          │
│          │                                                        │          │
│          │  description : review report #work│                    │          │
│          │       target :                                         │          │
│          │          due : 2026-05-11                              │          │
│          │    scheduled :                                         │          │
│          │     priority : high                                    │          │
│          │         tags : work                                    │          │
│          │   recurrence :                                         │          │
│          │                                                        │          │
│          │  Tab/Shift+Tab next · Ctrl+S save · Esc cancel         │          │
│          │                                                        │          │
│          │                                                        │          │
│          └────────────────────────────────────────────────────────┘          │
│                                                                              │
│                                                                              │
│                                                                              │
└──────────────────────────────────────────────────────────────────────────────┘
 vault: test-vault  ·  tab: Tasks          refreshed [HH:MM:SS]      mode: normal
