---
source: ft/src/tui/tests.rs
expression: frame
---
  1 Graph  │  2 Tasks  │  3 Notes  │  4 Timeblocks  │  5 Journal  │  6 Review   
┌ query ───────────────────────────────────────────────────────────────────────┐
│status in {Open, InProgress} and due < 2026-05-18                             │
└──────────────────────────────────────────────────────────────────────────────┘
┌ tasks ───────────────────────────────────────────────────────────────────────┐
│          ┌ new task ──────────────────────────────────────────────┐          │
│          │                                                        │          │
│          │  description : review report #work│                    │          │
│          │       target :                                         │          │
│          │          due : 2026-05-11                              │          │
│          │    scheduled :                                         │          │
│          │     priority : high                                    │          │
│          │         tags : work                                    │          │
│          │   recurrence :                                         │          │
│          │                                                        │          │
│          │  Tab/Shift+Tab next · Ctrl+S save · Esc cancel         │          │
│          │                                                        │          │
│          │                                                        │          │
│          └────────────────────────────────────────────────────────┘          │
│                                                                              │
│                                                                              │
│                                                                              │
└──────────────────────────────────────────────────────────────────────────────┘
 vault: test-vault  ·  tab: Tasks          refreshed [HH:MM:SS]      mode: normal
