---
source: ft/src/tui/tests.rs
assertion_line: 4428
expression: frame
---
  1 Graph  │  2 Tasks  │  3 Notes  │  4 Timeblocks  │  5 Journal  │  6 Review   
┌ notes ───────────────────────────────────────────────────────────────────────┐
│                                                                              │
│  Notes — Obsidian-flavoured editing                                          │
│               ┌ create · 1/4 template ───────────────────────┐               │
│  o     open fi│┌ find ──────────────────────────────────────┐│               │
│  m     move se││type to search…                             ││               │
│  r     reslice│└────────────────────────────────────────────┘│               │
│  c     create │┌ recent · type to search ───────────────────┐│               │
│  C     create ││▶ new.md                                    ││               │
│  t     open to││  quick-add.md                              ││               │
│  p     periodi││                                            ││               │
│  ?     show th││                                            ││               │
│  Esc   close o││                                            ││               │
│               ││                                            ││               │
│               ││                                            ││               │
│               │└────────────────────────────────────────────┘│               │
│               │                                              │               │
│               │       Enter use template   Esc cancel        │               │
│               └──────────────────────────────────────────────┘               │
│                                                                              │
│                                                                              │
└──────────────────────────────────────────────────────────────────────────────┘
 vault: test-vault  ·  tab: Notes           not yet refreshed      mode: normal
