---
source: ft/src/tui/tests.rs
assertion_line: 5012
expression: frame
---
  1 Graph  │  2 Tasks  │  3 Notes  │  4 Timeblocks  │  5 Journal  │  6 Review   
┌ notes ───────────────────────────────────────────────────────────────────────┐
│                                                                              │
│  Notes — O┌ move · 4/4 compose · 1 pending → proj/Foo.md (new) ──┐           │
│           │  · H1  Foo                                           │           │
│  o     ope│  ·   H2  Status                                      │           │
│  m     mov│▶ + H1  2026-05-13                                    │           │
│  r     res│                                                      │           │
│  c     cre│                                                      │           │
│  C     cre│                                                      │           │
│  t     ope│                                                      │           │
│  p     per│                                                      │           │
│  ?     sho│                                                      │           │
│  Esc   clo│                                                      │           │
│           │                                                      │           │
│           │                                                      │           │
│           │                                                      │           │
│           │                                                      │           │
│           │                                                      │           │
│           │ ↑/↓ focus   Shift+↑/↓ reorder   ←/→ level   r rename │           │
│           └──────────────────────────────────────────────────────┘           │
│                                                                              │
└──────────────────────────────────────────────────────────────────────────────┘
 vault: test-vault  ·  tab: Notes           not yet refreshed      mode: normal
