---
source: ft/src/tui/tests/search.rs
expression: frame
---
  1 Graph  │  2 Notes  │  3 Pulse  │  4 Recent  │  5 Search  │  6 Gather  │  7 Tasks  │  8
┌ Search — AND · sort: relevance (2 results, 0 selected) ────────────────────────────────┐
│> eigen│                                                                                │
│▶     notes.md L5-5  eigen  Eigen and memoization together in one paragraph.            │
│      notes.md L1-1  eigen  The eigen decomposition is central.                         │
│                                                                                        │
│                                                                                        │
│                                                                                        │
│                                                                                        │
│                                                                                        │
│                                                                                        │
│                                                                                        │
│                                                                                        │
│                                                                                        │
│                                                                                        │
│                                                                                        │
│                                                                                        │
│                                                                                        │
│                                                                                        │
│                                                                                        │
│                                                                                        │
│                                                                                        │
└────────────────────────────────────────────────────────────────────────────────────────┘
 vault: vault  ·  tab: Search                     not yet refreshed          mode: normal
