---
source: ft/src/tui/tests.rs
expression: frame
---
  1 Graph  │  2 Tasks  │  3 Notes  │  4 Timeblocks  │  5 Journal  │  6 Review   
┌ query ───────────────────────────────────────────────────────────────────────┐
│status in {Open, InProgress} and due < 2026-05-18                             │
└──────────────────────────────────────────────────────────────────────────────┘
┌ tasks ───────────────────────────────────────────────────────────────────────┐
│ ── overdue (2) ──                                                            │
│▶   !!  Pay rent                                     📅  2d ago                │
│    !   Renew passport                               📅  yesterday             │
│ ── upcoming (3) ──                                                           │
│        Reply to Sara                                📅  today                 │
│    !!  Submit Q2 report                             📅  in 2d      ⏳  tomorrow│
│    v   Buy birthday gift                            📅  in 5d                 │
│                                                                              │
│                                                                              │
│                                                                              │
│                                                                              │
│                                                                              │
│                                                                              │
│                                                                              │
│                                                                              │
│                                                                              │
│                                                                              │
└──────────────────────────────────────────────────────────────────────────────┘
 vault: test-vault  ·  tab: Tasks          refreshed [HH:MM:SS]      mode: normal
