---
source: ft/src/tui/tests/mod.rs
assertion_line: 366
expression: frame
---
  1 Graph  │  2 Notes  │  3 Pulse  │  4 Recent  │  5 Gather  │  6 Tasks  │  7 Ti
┌ query ───────────────────────────────────────────────────────────────────────┐
│totally bogus                                                                 │
└──────────────────────────────────────────────────────────────────────────────┘
┌ tasks ───────────────────────────────────────────────────────────────────────┐
│                                                                              │
│                               query parse error                              │
│                                                                              │
│                   unknown attribute `totally` at position 0                  │
│                                                                              │
│                           press / to edit the query                          │
│                                                                              │
│                                                                              │
│                                                                              │
│                                                                              │
│                                                                              │
│                                                                              │
│                                                                              │
│                                                                              │
│                                                                              │
│                                                                              │
│                                                                              │
└──────────────────────────────────────────────────────────────────────────────┘
 vault: test-vault  ·  tab: Tasks          refreshed [HH:MM:SS]      mode: normal
